[0.000000] (-) TimerEvent: {}
[0.001956] (-) JobUnselected: {'identifier': 'cpp_pubsub'}
[0.003054] (-) JobUnselected: {'identifier': 'examples_rclcpp_minimal_action_client'}
[0.003951] (-) JobUnselected: {'identifier': 'examples_rclcpp_minimal_action_server'}
[0.004699] (-) JobUnselected: {'identifier': 'examples_rclcpp_minimal_client'}
[0.005935] (-) JobUnselected: {'identifier': 'examples_rclcpp_minimal_composition'}
[0.006956] (-) JobUnselected: {'identifier': 'examples_rclcpp_minimal_publisher'}
[0.007037] (-) JobUnselected: {'identifier': 'examples_rclcpp_minimal_service'}
[0.007073] (-) JobUnselected: {'identifier': 'examples_rclcpp_minimal_subscriber'}
[0.007107] (-) JobUnselected: {'identifier': 'examples_rclcpp_minimal_timer'}
[0.007141] (-) JobUnselected: {'identifier': 'examples_rclcpp_multithreaded_executor'}
[0.007173] (-) JobUnselected: {'identifier': 'examples_rclpy_executors'}
[0.007233] (-) JobUnselected: {'identifier': 'examples_rclpy_minimal_action_client'}
[0.007278] (-) JobUnselected: {'identifier': 'examples_rclpy_minimal_action_server'}
[0.007324] (-) JobUnselected: {'identifier': 'examples_rclpy_minimal_client'}
[0.007378] (-) JobUnselected: {'identifier': 'examples_rclpy_minimal_publisher'}
[0.007423] (-) JobUnselected: {'identifier': 'examples_rclpy_minimal_service'}
[0.007472] (-) JobUnselected: {'identifier': 'examples_rclpy_minimal_subscriber'}
[0.007533] (-) JobUnselected: {'identifier': 'my_package'}
[0.007602] (-) JobUnselected: {'identifier': 'my_package_Py'}
[0.007716] (-) JobUnselected: {'identifier': 'py_pubsub'}
[0.007777] (-) JobUnselected: {'identifier': 'turtlesim'}
[0.007844] (cpp_srvcli) JobQueued: {'identifier': 'cpp_srvcli', 'dependencies': OrderedDict()}
[0.007920] (cpp_srvcli) JobStarted: {'identifier': 'cpp_srvcli'}
[0.079519] (cpp_srvcli) JobProgress: {'identifier': 'cpp_srvcli', 'progress': 'cmake'}
[0.080115] (cpp_srvcli) Command: {'cmd': ['/usr/bin/cmake', '/home/vincent-pc/ros2_ws/src/cpp_srvcli', '-DCMAKE_INSTALL_PREFIX=/home/vincent-pc/ros2_ws/install/cpp_srvcli'], 'cwd': '/home/vincent-pc/ros2_ws/build/cpp_srvcli', 'env': OrderedDict([('GJS_DEBUG_TOPICS', 'JS ERROR;JS LOG'), ('LESSOPEN', '| /usr/bin/lesspipe %s'), ('USER', 'vincent-pc'), ('LC_TIME', 'es_CO.UTF-8'), ('SSH_AGENT_PID', '2497'), ('XDG_SESSION_TYPE', 'x11'), ('SHLVL', '1'), ('LD_LIBRARY_PATH', '/opt/ros/foxy/opt/yaml_cpp_vendor/lib:/opt/ros/foxy/opt/rviz_ogre_vendor/lib:/opt/ros/foxy/lib/x86_64-linux-gnu:/opt/ros/foxy/lib'), ('HOME', '/home/vincent-pc'), ('OLDPWD', '/home/vincent-pc'), ('DESKTOP_SESSION', 'ubuntu'), ('GIO_LAUNCHED_DESKTOP_FILE', '/usr/share/applications/terminator.desktop'), ('ROS_PYTHON_VERSION', '3'), ('GNOME_SHELL_SESSION_MODE', 'ubuntu'), ('GTK_MODULES', 'gail:atk-bridge'), ('LC_MONETARY', 'es_CO.UTF-8'), ('MANAGERPID', '2382'), ('DBUS_SESSION_BUS_ADDRESS', 'unix:path=/run/user/1000/bus'), ('COLORTERM', 'truecolor'), ('TERMINATOR_DBUS_NAME', 'net.tenshu.Terminator21a9d5db22c73a993ff0b42f64b396873'), ('GIO_LAUNCHED_DESKTOP_FILE_PID', '6519'), ('_colcon_cd_root', '/opt/ros/foxy/'), ('MANDATORY_PATH', '/usr/share/gconf/ubuntu.mandatory.path'), ('QT_QPA_PLATFORMTHEME', 'appmenu-qt5'), ('IM_CONFIG_PHASE', '1'), ('ROS_DISTRO', 'foxy'), ('LOGNAME', 'vincent-pc'), ('JOURNAL_STREAM', '9:47032'), ('_', '/usr/bin/colcon'), ('ROS_VERSION', '2'), ('XDG_SESSION_CLASS', 'user'), ('DEFAULTS_PATH', '/usr/share/gconf/ubuntu.default.path'), ('USERNAME', 'vincent-pc'), ('TERM', 'xterm-256color'), ('GNOME_DESKTOP_SESSION_ID', 'this-is-deprecated'), ('ROS_LOCALHOST_ONLY', '0'), ('GTK2_MODULES', 'overlay-scrollbar'), ('WINDOWPATH', '2'), ('PATH', '/opt/ros/foxy/bin:/home/vincent-pc/bin:/home/vincent-pc/.local/bin:/usr/local/sbin:/usr/local/bin:/usr/sbin:/usr/bin:/sbin:/bin:/usr/games:/usr/local/games:/snap/bin'), ('SESSION_MANAGER', 'local/vincentpc-Aspire-A315-57G:@/tmp/.ICE-unix/2535,unix/vincentpc-Aspire-A315-57G:/tmp/.ICE-unix/2535'), ('INVOCATION_ID', '081bf128dfac48eba24ba5df19e6cc4d'), ('XDG_MENU_PREFIX', 'gnome-'), ('LC_ADDRESS', 'es_CO.UTF-8'), ('XDG_RUNTIME_DIR', '/run/user/1000'), ('DISPLAY', ':0'), ('TERMINATOR_DBUS_PATH', '/net/tenshu/Terminator2'), ('LANG', 'en_US.UTF-8'), ('XDG_CURRENT_DESKTOP', 'ubuntu:GNOME'), ('LC_TELEPHONE', 'es_CO.UTF-8'), ('XMODIFIERS', '@im=ibus'), ('XDG_SESSION_DESKTOP', 'ubuntu'), ('XAUTHORITY', '/run/user/1000/gdm/Xauthority'), ('LS_COLORS', 'rs=0:di=01;34:ln=01;36:mh=00:pi=40;33:so=01;35:do=01;35:bd=40;33;01:cd=40;33;01:or=40;31;01:mi=00:su=37;41:sg=30;43:ca=30;41:tw=30;42:ow=34;42:st=37;44:ex=01;32:*.tar=01;31:*.tgz=01;31:*.arc=01;31:*.arj=01;31:*.taz=01;31:*.lha=01;31:*.lz4=01;31:*.lzh=01;31:*.lzma=01;31:*.tlz=01;31:*.txz=01;31:*.tzo=01;31:*.t7z=01;31:*.zip=01;31:*.z=01;31:*.dz=01;31:*.gz=01;31:*.lrz=01;31:*.lz=01;31:*.lzo=01;31:*.xz=01;31:*.zst=01;31:*.tzst=01;31:*.bz2=01;31:*.bz=01;31:*.tbz=01;31:*.tbz2=01;31:*.tz=01;31:*.deb=01;31:*.rpm=01;31:*.jar=01;31:*.war=01;31:*.ear=01;31:*.sar=01;31:*.rar=01;31:*.alz=01;31:*.ace=01;31:*.zoo=01;31:*.cpio=01;31:*.7z=01;31:*.rz=01;31:*.cab=01;31:*.wim=01;31:*.swm=01;31:*.dwm=01;31:*.esd=01;31:*.jpg=01;35:*.jpeg=01;35:*.mjpg=01;35:*.mjpeg=01;35:*.gif=01;35:*.bmp=01;35:*.pbm=01;35:*.pgm=01;35:*.ppm=01;35:*.tga=01;35:*.xbm=01;35:*.xpm=01;35:*.tif=01;35:*.tiff=01;35:*.png=01;35:*.svg=01;35:*.svgz=01;35:*.mng=01;35:*.pcx=01;35:*.mov=01;35:*.mpg=01;35:*.mpeg=01;35:*.m2v=01;35:*.mkv=01;35:*.webm=01;35:*.ogm=01;35:*.mp4=01;35:*.m4v=01;35:*.mp4v=01;35:*.vob=01;35:*.qt=01;35:*.nuv=01;35:*.wmv=01;35:*.asf=01;35:*.rm=01;35:*.rmvb=01;35:*.flc=01;35:*.avi=01;35:*.fli=01;35:*.flv=01;35:*.gl=01;35:*.dl=01;35:*.xcf=01;35:*.xwd=01;35:*.yuv=01;35:*.cgm=01;35:*.emf=01;35:*.ogv=01;35:*.ogx=01;35:*.aac=00;36:*.au=00;36:*.flac=00;36:*.m4a=00;36:*.mid=00;36:*.midi=00;36:*.mka=00;36:*.mp3=00;36:*.mpc=00;36:*.ogg=00;36:*.ra=00;36:*.wav=00;36:*.oga=00;36:*.opus=00;36:*.spx=00;36:*.xspf=00;36:'), ('SSH_AUTH_SOCK', '/run/user/1000/keyring/ssh'), ('ROS_DOMAIN_ID', '30'), ('AMENT_PREFIX_PATH', '/opt/ros/foxy'), ('SHELL', '/bin/bash'), ('LC_NAME', 'es_CO.UTF-8'), ('TERMINATOR_UUID', 'urn:uuid:fe0cecda-1523-4478-867c-500feb0d313d'), ('QT_ACCESSIBILITY', '1'), ('GDMSESSION', 'ubuntu'), ('LESSCLOSE', '/usr/bin/lesspipe %s %s'), ('LC_MEASUREMENT', 'es_CO.UTF-8'), ('GPG_AGENT_INFO', '/run/user/1000/gnupg/S.gpg-agent:0:1'), ('GJS_DEBUG_OUTPUT', 'stderr'), ('LC_IDENTIFICATION', 'es_CO.UTF-8'), ('QT_IM_MODULE', 'ibus'), ('PWD', '/home/vincent-pc/ros2_ws/build/cpp_srvcli'), ('LC_ALL', 'en_US.UTF-8'), ('XDG_CONFIG_DIRS', '/etc/xdg/xdg-ubuntu:/etc/xdg'), ('XDG_DATA_DIRS', '/usr/share/ubuntu:/usr/local/share/:/usr/share/:/var/lib/snapd/desktop'), ('PYTHONPATH', '/opt/ros/foxy/lib/python3.8/site-packages'), ('LC_NUMERIC', 'es_CO.UTF-8'), ('LC_PAPER', 'es_CO.UTF-8'), ('COLCON', '1'), ('VTE_VERSION', '6003')]), 'shell': False}
[0.098229] (-) TimerEvent: {}
[0.199105] (-) TimerEvent: {}
[0.299475] (-) TimerEvent: {}
[0.318617] (cpp_srvcli) StdoutLine: {'line': b'-- The C compiler identification is GNU 9.4.0\n'}
[0.399599] (-) TimerEvent: {}
[0.424238] (cpp_srvcli) StdoutLine: {'line': b'-- The CXX compiler identification is GNU 9.4.0\n'}
[0.431308] (cpp_srvcli) StdoutLine: {'line': b'-- Check for working C compiler: /usr/bin/cc\n'}
[0.499726] (-) TimerEvent: {}
[0.513984] (cpp_srvcli) StdoutLine: {'line': b'-- Check for working C compiler: /usr/bin/cc -- works\n'}
[0.515652] (cpp_srvcli) StdoutLine: {'line': b'-- Detecting C compiler ABI info\n'}
[0.585842] (cpp_srvcli) StdoutLine: {'line': b'-- Detecting C compiler ABI info - done\n'}
[0.598087] (cpp_srvcli) StdoutLine: {'line': b'-- Detecting C compile features\n'}
[0.598473] (cpp_srvcli) StdoutLine: {'line': b'-- Detecting C compile features - done\n'}
[0.599821] (-) TimerEvent: {}
[0.601017] (cpp_srvcli) StdoutLine: {'line': b'-- Check for working CXX compiler: /usr/bin/c++\n'}
[0.688964] (cpp_srvcli) StdoutLine: {'line': b'-- Check for working CXX compiler: /usr/bin/c++ -- works\n'}
[0.690502] (cpp_srvcli) StdoutLine: {'line': b'-- Detecting CXX compiler ABI info\n'}
[0.699954] (-) TimerEvent: {}
[0.776156] (cpp_srvcli) StdoutLine: {'line': b'-- Detecting CXX compiler ABI info - done\n'}
[0.786790] (cpp_srvcli) StdoutLine: {'line': b'-- Detecting CXX compile features\n'}
[0.787836] (cpp_srvcli) StdoutLine: {'line': b'-- Detecting CXX compile features - done\n'}
[0.797077] (cpp_srvcli) StdoutLine: {'line': b'-- Found ament_cmake: 0.9.12 (/opt/ros/foxy/share/ament_cmake/cmake)\n'}
[0.800049] (-) TimerEvent: {}
[0.822492] (cpp_srvcli) StdoutLine: {'line': b'-- Found PythonInterp: /usr/bin/python3 (found suitable version "3.8.10", minimum required is "3") \n'}
[0.822740] (cpp_srvcli) StdoutLine: {'line': b'-- Using PYTHON_EXECUTABLE: /usr/bin/python3\n'}
[0.900250] (-) TimerEvent: {}
[1.000569] (-) TimerEvent: {}
[1.043908] (cpp_srvcli) StdoutLine: {'line': b'-- Found rclcpp: 2.4.3 (/opt/ros/foxy/share/rclcpp/cmake)\n'}
[1.100696] (-) TimerEvent: {}
[1.106177] (cpp_srvcli) StdoutLine: {'line': b'-- Using all available rosidl_typesupport_c: rosidl_typesupport_fastrtps_c;rosidl_typesupport_introspection_c\n'}
[1.115201] (cpp_srvcli) StdoutLine: {'line': b'-- Found rosidl_adapter: 1.3.1 (/opt/ros/foxy/share/rosidl_adapter/cmake)\n'}
[1.200835] (-) TimerEvent: {}
[1.261917] (cpp_srvcli) StdoutLine: {'line': b'-- Found OpenSSL: /usr/lib/x86_64-linux-gnu/libcrypto.so (found version "1.1.1f")  \n'}
[1.288985] (cpp_srvcli) StdoutLine: {'line': b'-- Found FastRTPS: /opt/ros/foxy/include  \n'}
[1.300981] (-) TimerEvent: {}
[1.378928] (cpp_srvcli) StdoutLine: {'line': b'-- Using all available rosidl_typesupport_cpp: rosidl_typesupport_fastrtps_cpp;rosidl_typesupport_introspection_cpp\n'}
[1.401125] (-) TimerEvent: {}
[1.442527] (cpp_srvcli) StdoutLine: {'line': b'-- Found rmw_implementation_cmake: 1.0.4 (/opt/ros/foxy/share/rmw_implementation_cmake/cmake)\n'}
[1.444910] (cpp_srvcli) StdoutLine: {'line': b"-- Using RMW implementation 'rmw_fastrtps_cpp' as default\n"}
[1.446619] (cpp_srvcli) StdoutLine: {'line': b'-- Looking for pthread.h\n'}
[1.501260] (-) TimerEvent: {}
[1.519664] (cpp_srvcli) StdoutLine: {'line': b'-- Looking for pthread.h - found\n'}
[1.519854] (cpp_srvcli) StdoutLine: {'line': b'-- Performing Test CMAKE_HAVE_LIBC_PTHREAD\n'}
[1.595028] (cpp_srvcli) StdoutLine: {'line': b'-- Performing Test CMAKE_HAVE_LIBC_PTHREAD - Failed\n'}
[1.595359] (cpp_srvcli) StdoutLine: {'line': b'-- Looking for pthread_create in pthreads\n'}
[1.601382] (-) TimerEvent: {}
[1.656811] (cpp_srvcli) StdoutLine: {'line': b'-- Looking for pthread_create in pthreads - not found\n'}
[1.657188] (cpp_srvcli) StdoutLine: {'line': b'-- Looking for pthread_create in pthread\n'}
[1.701494] (-) TimerEvent: {}
[1.725962] (cpp_srvcli) StdoutLine: {'line': b'-- Looking for pthread_create in pthread - found\n'}
[1.727161] (cpp_srvcli) StdoutLine: {'line': b'-- Found Threads: TRUE  \n'}
[1.801647] (-) TimerEvent: {}
[1.891326] (cpp_srvcli) StdoutLine: {'line': b'-- Found example_interfaces: 0.9.1 (/opt/ros/foxy/share/example_interfaces/cmake)\n'}
[1.901746] (-) TimerEvent: {}
[2.002118] (-) TimerEvent: {}
[2.006616] (cpp_srvcli) StdoutLine: {'line': b'-- Found ament_lint_auto: 0.9.8 (/opt/ros/foxy/share/ament_lint_auto/cmake)\n'}
[2.061213] (cpp_srvcli) StderrLine: {'line': b"Error parsing '/home/vincent-pc/ros2_ws/src/cpp_srvcli/package.xml':\n"}
[2.102240] (-) TimerEvent: {}
[2.190740] (cpp_srvcli) StderrLine: {'line': b'Traceback (most recent call last):\n'}
[2.191038] (cpp_srvcli) StderrLine: {'line': b'  File "/usr/lib/python3/dist-packages/catkin_pkg/package.py", line 610, in parse_package_string\n'}
[2.191158] (cpp_srvcli) StderrLine: {'line': b'    root = dom.parseString(data)\n'}
[2.191245] (cpp_srvcli) StderrLine: {'line': b'  File "/usr/lib/python3.8/xml/dom/minidom.py", line 1969, in parseString\n'}
[2.191320] (cpp_srvcli) StderrLine: {'line': b'    return expatbuilder.parseString(string)\n'}
[2.191397] (cpp_srvcli) StderrLine: {'line': b'  File "/usr/lib/python3.8/xml/dom/expatbuilder.py", line 925, in parseString\n'}
[2.191474] (cpp_srvcli) StderrLine: {'line': b'    return builder.parseString(string)\n'}
[2.191548] (cpp_srvcli) StderrLine: {'line': b'  File "/usr/lib/python3.8/xml/dom/expatbuilder.py", line 223, in parseString\n'}
[2.191638] (cpp_srvcli) StderrLine: {'line': b'    parser.Parse(string, True)\n'}
[2.191729] (cpp_srvcli) StderrLine: {'line': b'xml.parsers.expat.ExpatError: not well-formed (invalid token): line 8, column 30\n'}
[2.191798] (cpp_srvcli) StderrLine: {'line': b'\n'}
[2.191865] (cpp_srvcli) StderrLine: {'line': b'During handling of the above exception, another exception occurred:\n'}
[2.191932] (cpp_srvcli) StderrLine: {'line': b'\n'}
[2.192030] (cpp_srvcli) StderrLine: {'line': b'Traceback (most recent call last):\n'}
[2.192102] (cpp_srvcli) StderrLine: {'line': b'  File "/opt/ros/foxy/share/ament_cmake_core/cmake/core/package_xml_2_cmake.py", line 143, in <module>\n'}
[2.192174] (cpp_srvcli) StderrLine: {'line': b'    main()\n'}
[2.192248] (cpp_srvcli) StderrLine: {'line': b'  File "/opt/ros/foxy/share/ament_cmake_core/cmake/core/package_xml_2_cmake.py", line 52, in main\n'}
[2.192324] (cpp_srvcli) StderrLine: {'line': b'    raise e\n'}
[2.192403] (cpp_srvcli) StderrLine: {'line': b'  File "/opt/ros/foxy/share/ament_cmake_core/cmake/core/package_xml_2_cmake.py", line 48, in main\n'}
[2.192481] (cpp_srvcli) StderrLine: {'line': b'    package = parse_package_string(\n'}
[2.192556] (cpp_srvcli) StderrLine: {'line': b'  File "/usr/lib/python3/dist-packages/catkin_pkg/package.py", line 612, in parse_package_string\n'}
[2.192633] (cpp_srvcli) StderrLine: {'line': b"    raise InvalidPackage('The manifest contains invalid XML:\\n%s' % ex, filename)\n"}
[2.192726] (cpp_srvcli) StderrLine: {'line': b"catkin_pkg.package.InvalidPackage: Error(s) in package '/home/vincent-pc/ros2_ws/src/cpp_srvcli/package.xml':\n"}
[2.192827] (cpp_srvcli) StderrLine: {'line': b'The manifest contains invalid XML:\n'}
[2.192916] (cpp_srvcli) StderrLine: {'line': b'not well-formed (invalid token): line 8, column 30\n'}
[2.202395] (-) TimerEvent: {}
[2.221652] (cpp_srvcli) StderrLine: {'line': b'CMake Error at /opt/ros/foxy/share/ament_cmake_core/cmake/core/ament_package_xml.cmake:94 (message):\n'}
[2.221898] (cpp_srvcli) StderrLine: {'line': b'  execute_process(/usr/bin/python3\n'}
[2.221971] (cpp_srvcli) StderrLine: {'line': b'  /opt/ros/foxy/share/ament_cmake_core/cmake/core/package_xml_2_cmake.py\n'}
[2.222032] (cpp_srvcli) StderrLine: {'line': b'  /home/vincent-pc/ros2_ws/src/cpp_srvcli/package.xml\n'}
[2.222099] (cpp_srvcli) StderrLine: {'line': b'  /home/vincent-pc/ros2_ws/build/cpp_srvcli/ament_cmake_core/package.cmake)\n'}
[2.222157] (cpp_srvcli) StderrLine: {'line': b'  returned error code 1\n'}
[2.222215] (cpp_srvcli) StderrLine: {'line': b'Call Stack (most recent call first):\n'}
[2.222273] (cpp_srvcli) StderrLine: {'line': b'  /opt/ros/foxy/share/ament_cmake_core/cmake/core/ament_package_xml.cmake:49 (_ament_package_xml)\n'}
[2.222333] (cpp_srvcli) StderrLine: {'line': b'  /opt/ros/foxy/share/ament_lint_auto/cmake/ament_lint_auto_find_test_dependencies.cmake:31 (ament_package_xml)\n'}
[2.222393] (cpp_srvcli) StderrLine: {'line': b'  CMakeLists.txt:31 (ament_lint_auto_find_test_dependencies)\n'}
[2.222482] (cpp_srvcli) StderrLine: {'line': b'\n'}
[2.222849] (cpp_srvcli) StderrLine: {'line': b'\n'}
[2.223595] (cpp_srvcli) StdoutLine: {'line': b'-- Configuring incomplete, errors occurred!\n'}
[2.223804] (cpp_srvcli) StdoutLine: {'line': b'See also "/home/vincent-pc/ros2_ws/build/cpp_srvcli/CMakeFiles/CMakeOutput.log".\n'}
[2.223887] (cpp_srvcli) StdoutLine: {'line': b'See also "/home/vincent-pc/ros2_ws/build/cpp_srvcli/CMakeFiles/CMakeError.log".\n'}
[2.233059] (cpp_srvcli) CommandEnded: {'returncode': 1}
[2.234063] (cpp_srvcli) JobEnded: {'identifier': 'cpp_srvcli', 'rc': 1}
[2.244837] (-) EventReactorShutdown: {}
