[0.000000] (-) TimerEvent: {}
[0.000293] (-) JobUnselected: {'identifier': 'cpp_pubsub'}
[0.000782] (-) JobUnselected: {'identifier': 'examples_rclcpp_minimal_action_client'}
[0.000821] (-) JobUnselected: {'identifier': 'examples_rclcpp_minimal_action_server'}
[0.000846] (-) JobUnselected: {'identifier': 'examples_rclcpp_minimal_client'}
[0.000871] (-) JobUnselected: {'identifier': 'examples_rclcpp_minimal_composition'}
[0.000896] (-) JobUnselected: {'identifier': 'examples_rclcpp_minimal_publisher'}
[0.000932] (-) JobUnselected: {'identifier': 'examples_rclcpp_minimal_service'}
[0.000958] (-) JobUnselected: {'identifier': 'examples_rclcpp_minimal_subscriber'}
[0.000980] (-) JobUnselected: {'identifier': 'examples_rclcpp_minimal_timer'}
[0.001259] (-) JobUnselected: {'identifier': 'examples_rclcpp_multithreaded_executor'}
[0.001295] (-) JobUnselected: {'identifier': 'examples_rclpy_executors'}
[0.001322] (-) JobUnselected: {'identifier': 'examples_rclpy_minimal_action_client'}
[0.001344] (-) JobUnselected: {'identifier': 'examples_rclpy_minimal_action_server'}
[0.001365] (-) JobUnselected: {'identifier': 'examples_rclpy_minimal_client'}
[0.001731] (-) JobUnselected: {'identifier': 'examples_rclpy_minimal_publisher'}
[0.001787] (-) JobUnselected: {'identifier': 'examples_rclpy_minimal_service'}
[0.001855] (-) JobUnselected: {'identifier': 'examples_rclpy_minimal_subscriber'}
[0.001885] (-) JobUnselected: {'identifier': 'my_package'}
[0.001914] (-) JobUnselected: {'identifier': 'my_package_Py'}
[0.001953] (-) JobUnselected: {'identifier': 'py_pubsub'}
[0.002062] (-) JobUnselected: {'identifier': 'turtlesim'}
[0.002088] (cpp_srvcli) JobQueued: {'identifier': 'cpp_srvcli', 'dependencies': OrderedDict()}
[0.002117] (cpp_srvcli) JobStarted: {'identifier': 'cpp_srvcli'}
[0.008693] (cpp_srvcli) JobProgress: {'identifier': 'cpp_srvcli', 'progress': 'cmake'}
[0.009246] (cpp_srvcli) Command: {'cmd': ['/usr/bin/cmake', '/home/vincent-pc/ros2_ws/src/cpp_srvcli', '-DCMAKE_INSTALL_PREFIX=/home/vincent-pc/ros2_ws/install/cpp_srvcli'], 'cwd': '/home/vincent-pc/ros2_ws/build/cpp_srvcli', 'env': OrderedDict([('GJS_DEBUG_TOPICS', 'JS ERROR;JS LOG'), ('LESSOPEN', '| /usr/bin/lesspipe %s'), ('USER', 'vincent-pc'), ('LC_TIME', 'es_CO.UTF-8'), ('SSH_AGENT_PID', '2497'), ('XDG_SESSION_TYPE', 'x11'), ('SHLVL', '1'), ('LD_LIBRARY_PATH', '/opt/ros/foxy/opt/yaml_cpp_vendor/lib:/opt/ros/foxy/opt/rviz_ogre_vendor/lib:/opt/ros/foxy/lib/x86_64-linux-gnu:/opt/ros/foxy/lib'), ('HOME', '/home/vincent-pc'), ('OLDPWD', '/home/vincent-pc/ros2_ws/src'), ('DESKTOP_SESSION', 'ubuntu'), ('GIO_LAUNCHED_DESKTOP_FILE', '/usr/share/applications/terminator.desktop'), ('ROS_PYTHON_VERSION', '3'), ('GNOME_SHELL_SESSION_MODE', 'ubuntu'), ('GTK_MODULES', 'gail:atk-bridge'), ('LC_MONETARY', 'es_CO.UTF-8'), ('MANAGERPID', '2382'), ('DBUS_SESSION_BUS_ADDRESS', 'unix:path=/run/user/1000/bus'), ('COLORTERM', 'truecolor'), ('TERMINATOR_DBUS_NAME', 'net.tenshu.Terminator21a9d5db22c73a993ff0b42f64b396873'), ('GIO_LAUNCHED_DESKTOP_FILE_PID', '6519'), ('_colcon_cd_root', '/opt/ros/foxy/'), ('MANDATORY_PATH', '/usr/share/gconf/ubuntu.mandatory.path'), ('QT_QPA_PLATFORMTHEME', 'appmenu-qt5'), ('IM_CONFIG_PHASE', '1'), ('ROS_DISTRO', 'foxy'), ('LOGNAME', 'vincent-pc'), ('JOURNAL_STREAM', '9:47032'), ('_', '/usr/bin/colcon'), ('ROS_VERSION', '2'), ('XDG_SESSION_CLASS', 'user'), ('DEFAULTS_PATH', '/usr/share/gconf/ubuntu.default.path'), ('USERNAME', 'vincent-pc'), ('TERM', 'xterm-256color'), ('GNOME_DESKTOP_SESSION_ID', 'this-is-deprecated'), ('ROS_LOCALHOST_ONLY', '0'), ('GTK2_MODULES', 'overlay-scrollbar'), ('WINDOWPATH', '2'), ('PATH', '/opt/ros/foxy/bin:/home/vincent-pc/bin:/home/vincent-pc/.local/bin:/usr/local/sbin:/usr/local/bin:/usr/sbin:/usr/bin:/sbin:/bin:/usr/games:/usr/local/games:/snap/bin'), ('SESSION_MANAGER', 'local/vincentpc-Aspire-A315-57G:@/tmp/.ICE-unix/2535,unix/vincentpc-Aspire-A315-57G:/tmp/.ICE-unix/2535'), ('INVOCATION_ID', '081bf128dfac48eba24ba5df19e6cc4d'), ('XDG_MENU_PREFIX', 'gnome-'), ('LC_ADDRESS', 'es_CO.UTF-8'), ('XDG_RUNTIME_DIR', '/run/user/1000'), ('DISPLAY', ':0'), ('TERMINATOR_DBUS_PATH', '/net/tenshu/Terminator2'), ('LANG', 'en_US.UTF-8'), ('XDG_CURRENT_DESKTOP', 'ubuntu:GNOME'), ('LC_TELEPHONE', 'es_CO.UTF-8'), ('XMODIFIERS', '@im=ibus'), ('XDG_SESSION_DESKTOP', 'ubuntu'), ('XAUTHORITY', '/run/user/1000/gdm/Xauthority'), ('LS_COLORS', 'rs=0:di=01;34:ln=01;36:mh=00:pi=40;33:so=01;35:do=01;35:bd=40;33;01:cd=40;33;01:or=40;31;01:mi=00:su=37;41:sg=30;43:ca=30;41:tw=30;42:ow=34;42:st=37;44:ex=01;32:*.tar=01;31:*.tgz=01;31:*.arc=01;31:*.arj=01;31:*.taz=01;31:*.lha=01;31:*.lz4=01;31:*.lzh=01;31:*.lzma=01;31:*.tlz=01;31:*.txz=01;31:*.tzo=01;31:*.t7z=01;31:*.zip=01;31:*.z=01;31:*.dz=01;31:*.gz=01;31:*.lrz=01;31:*.lz=01;31:*.lzo=01;31:*.xz=01;31:*.zst=01;31:*.tzst=01;31:*.bz2=01;31:*.bz=01;31:*.tbz=01;31:*.tbz2=01;31:*.tz=01;31:*.deb=01;31:*.rpm=01;31:*.jar=01;31:*.war=01;31:*.ear=01;31:*.sar=01;31:*.rar=01;31:*.alz=01;31:*.ace=01;31:*.zoo=01;31:*.cpio=01;31:*.7z=01;31:*.rz=01;31:*.cab=01;31:*.wim=01;31:*.swm=01;31:*.dwm=01;31:*.esd=01;31:*.jpg=01;35:*.jpeg=01;35:*.mjpg=01;35:*.mjpeg=01;35:*.gif=01;35:*.bmp=01;35:*.pbm=01;35:*.pgm=01;35:*.ppm=01;35:*.tga=01;35:*.xbm=01;35:*.xpm=01;35:*.tif=01;35:*.tiff=01;35:*.png=01;35:*.svg=01;35:*.svgz=01;35:*.mng=01;35:*.pcx=01;35:*.mov=01;35:*.mpg=01;35:*.mpeg=01;35:*.m2v=01;35:*.mkv=01;35:*.webm=01;35:*.ogm=01;35:*.mp4=01;35:*.m4v=01;35:*.mp4v=01;35:*.vob=01;35:*.qt=01;35:*.nuv=01;35:*.wmv=01;35:*.asf=01;35:*.rm=01;35:*.rmvb=01;35:*.flc=01;35:*.avi=01;35:*.fli=01;35:*.flv=01;35:*.gl=01;35:*.dl=01;35:*.xcf=01;35:*.xwd=01;35:*.yuv=01;35:*.cgm=01;35:*.emf=01;35:*.ogv=01;35:*.ogx=01;35:*.aac=00;36:*.au=00;36:*.flac=00;36:*.m4a=00;36:*.mid=00;36:*.midi=00;36:*.mka=00;36:*.mp3=00;36:*.mpc=00;36:*.ogg=00;36:*.ra=00;36:*.wav=00;36:*.oga=00;36:*.opus=00;36:*.spx=00;36:*.xspf=00;36:'), ('SSH_AUTH_SOCK', '/run/user/1000/keyring/ssh'), ('ROS_DOMAIN_ID', '30'), ('AMENT_PREFIX_PATH', '/opt/ros/foxy'), ('SHELL', '/bin/bash'), ('LC_NAME', 'es_CO.UTF-8'), ('TERMINATOR_UUID', 'urn:uuid:925b91cb-1022-4deb-af7f-806fc0e91a2f'), ('QT_ACCESSIBILITY', '1'), ('GDMSESSION', 'ubuntu'), ('LESSCLOSE', '/usr/bin/lesspipe %s %s'), ('LC_MEASUREMENT', 'es_CO.UTF-8'), ('GPG_AGENT_INFO', '/run/user/1000/gnupg/S.gpg-agent:0:1'), ('GJS_DEBUG_OUTPUT', 'stderr'), ('LC_IDENTIFICATION', 'es_CO.UTF-8'), ('QT_IM_MODULE', 'ibus'), ('PWD', '/home/vincent-pc/ros2_ws/build/cpp_srvcli'), ('LC_ALL', 'en_US.UTF-8'), ('XDG_CONFIG_DIRS', '/etc/xdg/xdg-ubuntu:/etc/xdg'), ('XDG_DATA_DIRS', '/usr/share/ubuntu:/usr/local/share/:/usr/share/:/var/lib/snapd/desktop'), ('PYTHONPATH', '/opt/ros/foxy/lib/python3.8/site-packages'), ('LC_NUMERIC', 'es_CO.UTF-8'), ('LC_PAPER', 'es_CO.UTF-8'), ('COLCON', '1'), ('VTE_VERSION', '6003')]), 'shell': False}
[0.024642] (cpp_srvcli) StdoutLine: {'line': b'-- Found ament_cmake: 0.9.12 (/opt/ros/foxy/share/ament_cmake/cmake)\n'}
[0.048213] (cpp_srvcli) StdoutLine: {'line': b'-- Using PYTHON_EXECUTABLE: /usr/bin/python3\n'}
[0.099488] (-) TimerEvent: {}
[0.199804] (-) TimerEvent: {}
[0.207228] (cpp_srvcli) StdoutLine: {'line': b'-- Found rclcpp: 2.4.3 (/opt/ros/foxy/share/rclcpp/cmake)\n'}
[0.233269] (cpp_srvcli) StdoutLine: {'line': b'-- Using all available rosidl_typesupport_c: rosidl_typesupport_fastrtps_c;rosidl_typesupport_introspection_c\n'}
[0.236174] (cpp_srvcli) StdoutLine: {'line': b'-- Found rosidl_adapter: 1.3.1 (/opt/ros/foxy/share/rosidl_adapter/cmake)\n'}
[0.299982] (-) TimerEvent: {}
[0.316619] (cpp_srvcli) StdoutLine: {'line': b'-- Using all available rosidl_typesupport_cpp: rosidl_typesupport_fastrtps_cpp;rosidl_typesupport_introspection_cpp\n'}
[0.359855] (cpp_srvcli) StdoutLine: {'line': b'-- Found rmw_implementation_cmake: 1.0.4 (/opt/ros/foxy/share/rmw_implementation_cmake/cmake)\n'}
[0.361097] (cpp_srvcli) StdoutLine: {'line': b"-- Using RMW implementation 'rmw_fastrtps_cpp' as default\n"}
[0.400130] (-) TimerEvent: {}
[0.478654] (cpp_srvcli) StdoutLine: {'line': b'-- Found example_interfaces: 0.9.1 (/opt/ros/foxy/share/example_interfaces/cmake)\n'}
[0.500259] (-) TimerEvent: {}
[0.600577] (-) TimerEvent: {}
[0.605905] (cpp_srvcli) StderrLine: {'line': b"Error parsing '/home/vincent-pc/ros2_ws/src/cpp_srvcli/package.xml':\n"}
[0.700720] (-) TimerEvent: {}
[0.702387] (cpp_srvcli) StderrLine: {'line': b'Traceback (most recent call last):\n'}
[0.702546] (cpp_srvcli) StderrLine: {'line': b'  File "/usr/lib/python3/dist-packages/catkin_pkg/package.py", line 610, in parse_package_string\n'}
[0.702602] (cpp_srvcli) StderrLine: {'line': b'    root = dom.parseString(data)\n'}
[0.702649] (cpp_srvcli) StderrLine: {'line': b'  File "/usr/lib/python3.8/xml/dom/minidom.py", line 1969, in parseString\n'}
[0.702696] (cpp_srvcli) StderrLine: {'line': b'    return expatbuilder.parseString(string)\n'}
[0.702742] (cpp_srvcli) StderrLine: {'line': b'  File "/usr/lib/python3.8/xml/dom/expatbuilder.py", line 925, in parseString\n'}
[0.702879] (cpp_srvcli) StderrLine: {'line': b'    return builder.parseString(string)\n'}
[0.702924] (cpp_srvcli) StderrLine: {'line': b'  File "/usr/lib/python3.8/xml/dom/expatbuilder.py", line 223, in parseString\n'}
[0.702968] (cpp_srvcli) StderrLine: {'line': b'    parser.Parse(string, True)\n'}
[0.703013] (cpp_srvcli) StderrLine: {'line': b'xml.parsers.expat.ExpatError: not well-formed (invalid token): line 8, column 30\n'}
[0.703110] (cpp_srvcli) StderrLine: {'line': b'\n'}
[0.703161] (cpp_srvcli) StderrLine: {'line': b'During handling of the above exception, another exception occurred:\n'}
[0.703212] (cpp_srvcli) StderrLine: {'line': b'\n'}
[0.703282] (cpp_srvcli) StderrLine: {'line': b'Traceback (most recent call last):\n'}
[0.703328] (cpp_srvcli) StderrLine: {'line': b'  File "/opt/ros/foxy/share/ament_cmake_core/cmake/core/package_xml_2_cmake.py", line 143, in <module>\n'}
[0.703395] (cpp_srvcli) StderrLine: {'line': b'    main()\n'}
[0.703443] (cpp_srvcli) StderrLine: {'line': b'  File "/opt/ros/foxy/share/ament_cmake_core/cmake/core/package_xml_2_cmake.py", line 52, in main\n'}
[0.703492] (cpp_srvcli) StderrLine: {'line': b'    raise e\n'}
[0.703541] (cpp_srvcli) StderrLine: {'line': b'  File "/opt/ros/foxy/share/ament_cmake_core/cmake/core/package_xml_2_cmake.py", line 48, in main\n'}
[0.703606] (cpp_srvcli) StderrLine: {'line': b'    package = parse_package_string(\n'}
[0.703654] (cpp_srvcli) StderrLine: {'line': b'  File "/usr/lib/python3/dist-packages/catkin_pkg/package.py", line 612, in parse_package_string\n'}
[0.703701] (cpp_srvcli) StderrLine: {'line': b"    raise InvalidPackage('The manifest contains invalid XML:\\n%s' % ex, filename)\n"}
[0.703748] (cpp_srvcli) StderrLine: {'line': b"catkin_pkg.package.InvalidPackage: Error(s) in package '/home/vincent-pc/ros2_ws/src/cpp_srvcli/package.xml':\n"}
[0.703799] (cpp_srvcli) StderrLine: {'line': b'The manifest contains invalid XML:\n'}
[0.703847] (cpp_srvcli) StderrLine: {'line': b'not well-formed (invalid token): line 8, column 30\n'}
[0.722378] (cpp_srvcli) StderrLine: {'line': b'CMake Error at /opt/ros/foxy/share/ament_cmake_core/cmake/core/ament_package_xml.cmake:94 (message):\n'}
[0.722696] (cpp_srvcli) StderrLine: {'line': b'  execute_process(/usr/bin/python3\n'}
[0.722762] (cpp_srvcli) StderrLine: {'line': b'  /opt/ros/foxy/share/ament_cmake_core/cmake/core/package_xml_2_cmake.py\n'}
[0.722826] (cpp_srvcli) StderrLine: {'line': b'  /home/vincent-pc/ros2_ws/src/cpp_srvcli/package.xml\n'}
[0.722900] (cpp_srvcli) StderrLine: {'line': b'  /home/vincent-pc/ros2_ws/build/cpp_srvcli/ament_cmake_core/package.cmake)\n'}
[0.722955] (cpp_srvcli) StderrLine: {'line': b'  returned error code 1\n'}
[0.723009] (cpp_srvcli) StderrLine: {'line': b'Call Stack (most recent call first):\n'}
[0.723081] (cpp_srvcli) StderrLine: {'line': b'  /opt/ros/foxy/share/ament_cmake_core/cmake/core/ament_package_xml.cmake:49 (_ament_package_xml)\n'}
[0.723137] (cpp_srvcli) StderrLine: {'line': b'  /opt/ros/foxy/share/ament_cmake_core/cmake/core/ament_package.cmake:63 (ament_package_xml)\n'}
[0.723208] (cpp_srvcli) StderrLine: {'line': b'  CMakeLists.txt:19 (ament_package)\n'}
[0.723260] (cpp_srvcli) StderrLine: {'line': b'\n'}
[0.723311] (cpp_srvcli) StderrLine: {'line': b'\n'}
[0.723792] (cpp_srvcli) StdoutLine: {'line': b'-- Configuring incomplete, errors occurred!\n'}
[0.723905] (cpp_srvcli) StdoutLine: {'line': b'See also "/home/vincent-pc/ros2_ws/build/cpp_srvcli/CMakeFiles/CMakeOutput.log".\n'}
[0.723974] (cpp_srvcli) StdoutLine: {'line': b'See also "/home/vincent-pc/ros2_ws/build/cpp_srvcli/CMakeFiles/CMakeError.log".\n'}
[0.729142] (cpp_srvcli) CommandEnded: {'returncode': 1}
[0.730008] (cpp_srvcli) JobEnded: {'identifier': 'cpp_srvcli', 'rc': 1}
[0.740688] (-) EventReactorShutdown: {}
