[0.013s] Invoking command in '/home/vincent-pc/ros2_ws/build/cpp_srvcli': /usr/bin/cmake /home/vincent-pc/ros2_ws/src/cpp_srvcli -DCMAKE_INSTALL_PREFIX=/home/vincent-pc/ros2_ws/install/cpp_srvcli
[0.059s] -- Found ament_cmake: 0.9.12 (/opt/ros/foxy/share/ament_cmake/cmake)
[0.093s] -- Using PYTHON_EXECUTABLE: /usr/bin/python3
[0.280s] -- Found rclcpp: 2.4.3 (/opt/ros/foxy/share/rclcpp/cmake)
[0.319s] -- Using all available rosidl_typesupport_c: rosidl_typesupport_fastrtps_c;rosidl_typesupport_introspection_c
[0.323s] -- Found rosidl_adapter: 1.3.1 (/opt/ros/foxy/share/rosidl_adapter/cmake)
[0.419s] -- Using all available rosidl_typesupport_cpp: rosidl_typesupport_fastrtps_cpp;rosidl_typesupport_introspection_cpp
[0.469s] -- Found rmw_implementation_cmake: 1.0.4 (/opt/ros/foxy/share/rmw_implementation_cmake/cmake)
[0.472s] -- Using RMW implementation 'rmw_fastrtps_cpp' as default
[0.599s] -- Found example_interfaces: 0.9.1 (/opt/ros/foxy/share/example_interfaces/cmake)
[0.740s] Error parsing '/home/vincent-pc/ros2_ws/src/cpp_srvcli/package.xml':
[0.841s] Traceback (most recent call last):
[0.841s]   File "/usr/lib/python3/dist-packages/catkin_pkg/package.py", line 610, in parse_package_string
[0.841s]     root = dom.parseString(data)
[0.841s]   File "/usr/lib/python3.8/xml/dom/minidom.py", line 1969, in parseString
[0.841s]     return expatbuilder.parseString(string)
[0.842s]   File "/usr/lib/python3.8/xml/dom/expatbuilder.py", line 925, in parseString
[0.842s]     return builder.parseString(string)
[0.842s]   File "/usr/lib/python3.8/xml/dom/expatbuilder.py", line 223, in parseString
[0.842s]     parser.Parse(string, True)
[0.842s] xml.parsers.expat.ExpatError: not well-formed (invalid token): line 8, column 30
[0.842s] 
[0.842s] During handling of the above exception, another exception occurred:
[0.842s] 
[0.842s] Traceback (most recent call last):
[0.842s]   File "/opt/ros/foxy/share/ament_cmake_core/cmake/core/package_xml_2_cmake.py", line 143, in <module>
[0.842s]     main()
[0.842s]   File "/opt/ros/foxy/share/ament_cmake_core/cmake/core/package_xml_2_cmake.py", line 52, in main
[0.842s]     raise e
[0.843s]   File "/opt/ros/foxy/share/ament_cmake_core/cmake/core/package_xml_2_cmake.py", line 48, in main
[0.843s]     package = parse_package_string(
[0.843s]   File "/usr/lib/python3/dist-packages/catkin_pkg/package.py", line 612, in parse_package_string
[0.843s]     raise InvalidPackage('The manifest contains invalid XML:\n%s' % ex, filename)
[0.843s] catkin_pkg.package.InvalidPackage: Error(s) in package '/home/vincent-pc/ros2_ws/src/cpp_srvcli/package.xml':
[0.843s] The manifest contains invalid XML:
[0.843s] not well-formed (invalid token): line 8, column 30
[0.860s] CMake Error at /opt/ros/foxy/share/ament_cmake_core/cmake/core/ament_package_xml.cmake:94 (message):
[0.861s]   execute_process(/usr/bin/python3
[0.861s]   /opt/ros/foxy/share/ament_cmake_core/cmake/core/package_xml_2_cmake.py
[0.861s]   /home/vincent-pc/ros2_ws/src/cpp_srvcli/package.xml
[0.861s]   /home/vincent-pc/ros2_ws/build/cpp_srvcli/ament_cmake_core/package.cmake)
[0.861s]   returned error code 1
[0.861s] Call Stack (most recent call first):
[0.861s]   /opt/ros/foxy/share/ament_cmake_core/cmake/core/ament_package_xml.cmake:49 (_ament_package_xml)
[0.861s]   /opt/ros/foxy/share/ament_cmake_core/cmake/core/ament_package.cmake:63 (ament_package_xml)
[0.861s]   CMakeLists.txt:19 (ament_package)
[0.861s] 
[0.861s] 
[0.862s] -- Configuring incomplete, errors occurred!
[0.862s] See also "/home/vincent-pc/ros2_ws/build/cpp_srvcli/CMakeFiles/CMakeOutput.log".
[0.862s] See also "/home/vincent-pc/ros2_ws/build/cpp_srvcli/CMakeFiles/CMakeError.log".
[0.870s] Invoked command in '/home/vincent-pc/ros2_ws/build/cpp_srvcli' returned '1': /usr/bin/cmake /home/vincent-pc/ros2_ws/src/cpp_srvcli -DCMAKE_INSTALL_PREFIX=/home/vincent-pc/ros2_ws/install/cpp_srvcli
